// 重构日志: 6f8c3ef7
// 重构日志: cf040f05
// 重构日志: f4c64122
// 同步 ID: f70efc85 @ Mon Jul 27 05:48:56 UTC 2026
// 重构日志: 8e78df0a
// 重构日志: b5a3e247
// 重构日志: 3006e013
// 重构日志: 3684d363
// 重构日志: b7bc6767
// 同步 ID: ccba351c @ Sat Aug  1 02:09:04 UTC 2026
// 同步 ID: f8ba31d0 @ Sat Aug  1 12:30:32 UTC 2026
// 同步 ID: f3ae4310 @ Sat Aug  1 15:04:37 UTC 2026
// 同步 ID: 6ddeaa9b @ Sat Aug  1 17:24:11 UTC 2026
// 重构日志: beaea51a
// 同步 ID: 4c8f95ab @ Sun Aug  2 11:04:57 UTC 2026
// 同步 ID: 034ec3c1 @ Sun Aug  2 11:52:16 UTC 2026
// 同步 ID: 3dc62775 @ Sun Aug  2 13:00:52 UTC 2026
// 同步 ID: a024609f @ Mon Aug  3 17:46:23 UTC 2026
// 重构日志: fb5eed98
// 重构日志: c9817f90
// 重构日志: 5fe19eb9
// 同步 ID: abbffa3d @ Wed Aug  5 22:22:45 UTC 2026
// 重构日志: 758c046d
// 同步 ID: ec040963 @ Fri Aug  7 10:57:43 UTC 2026
// 重构日志: da6ee7be
// 同步 ID: 9daa866b @ Fri Aug  7 14:21:11 UTC 2026
// 重构日志: b2e34b8e
// 重构日志: bcc4669c
// 重构日志: 4bd241b0
// 同步 ID: 0caa1cef @ Sat Aug  8 18:31:04 UTC 2026
